PLATFORM
CL_PLATFORM_PROFILE	FULL_PROFILE
CL_PLATFORM_VERSION	OpenCL 1.1 ATI-Stream-v2.3 (451)
CL_PLATFORM_NAME	ATI Stream
CL_PLATFORM_VENDOR	Advanced Micro Devices, Inc.
CL_PLATFORM_EXTENSIONS	cl_khr_icd cl_amd_event_callback cl_amd_offline_devices cl_khr_d3d10_sharing

DEVICE
CL_DEVICE_TYPE	2
CL_DEVICE_VENDOR_ID	4098
CL_DEVICE_MAX_COMPUTE_UNITS	2
CL_DEVICE_MAX_WORK_ITEM_DIMENSIONS	3
CL_DEVICE_PREFERRED_VECTOR_WIDTH_CHAR	16
CL_DEVICE_PREFERRED_VECTOR_WIDTH_SHORT	8
CL_DEVICE_PREFERRED_VECTOR_WIDTH_INT	4
CL_DEVICE_PREFERRED_VECTOR_WIDTH_LONG	2
CL_DEVICE_PREFERRED_VECTOR_WIDTH_FLOAT	4
CL_DEVICE_PREFERRED_VECTOR_WIDTH_DOUBLE	0
CL_DEVICE_MAX_CLOCK_FREQUENCY	2094
CL_DEVICE_ADDRESS_BITS	32
CL_DEVICE_MAX_READ_IMAGE_ARGS	0
CL_DEVICE_MAX_WRITE_IMAGE_ARGS	0
CL_DEVICE_MAX_SAMPLERS	0
CL_DEVICE_MEM_BASE_ADDR_ALIGN	1024
CL_DEVICE_MIN_DATA_TYPE_ALIGN_SIZE	128
CL_DEVICE_GLOBAL_MEM_CACHELINE_SIZE	64
CL_DEVICE_MAX_CONSTANT_ARGS	8
CL_DEVICE_MAX_WORK_GROUP_SIZE	1024
CL_DEVICE_IMAGE2D_MAX_WIDTH	0
CL_DEVICE_IMAGE2D_MAX_HEIGHT	0
CL_DEVICE_IMAGE3D_MAX_WIDTH	0
CL_DEVICE_IMAGE3D_MAX_HEIGHT	0
CL_DEVICE_IMAGE3D_MAX_DEPTH	0
CL_DEVICE_MAX_PARAMETER_SIZE	4096
CL_DEVICE_PROFILING_TIMER_RESOLUTION	488
CL_DEVICE_MAX_MEM_ALLOC_SIZE	536870912
CL_DEVICE_GLOBAL_MEM_CACHE_SIZE	32768
CL_DEVICE_GLOBAL_MEM_SIZE	1073741824
CL_DEVICE_MAX_CONSTANT_BUFFER_SIZE	65536
CL_DEVICE_LOCAL_MEM_SIZE	32768
CL_DEVICE_IMAGE_SUPPORT	0
CL_DEVICE_ERROR_CORRECTION_SUPPORT	0
CL_DEVICE_ENDIAN_LITTLE	1
CL_DEVICE_AVAILABLE	1
CL_DEVICE_COMPILER_AVAILABLE	1
CL_DEVICE_SINGLE_FP_CONFIG	31
CL_DEVICE_GLOBAL_MEM_CACHE_TYPE	2
CL_DEVICE_LOCAL_MEM_TYPE	2
CL_DEVICE_EXECUTION_CAPABILITIES	3
CL_DEVICE_QUEUE_PROPERTIES	2
CL_DEVICE_MAX_WORK_ITEM_SIZES	1024	1024	1024
CL_DEVICE_PLATFORM	userdata: 0107A40C
CL_DEVICE_NAME	Intel(R) Core(TM)2 Duo CPU     T6570  @ 2.10GHz
CL_DEVICE_VENDOR	GenuineIntel
CL_DRIVER_VERSION	2.0
CL_DEVICE_PROFILE	FULL_PROFILE
CL_DEVICE_VERSION	OpenCL 1.1 ATI-Stream-v2.3 (451)
CL_DEVICE_EXTENSIONS	cl_amd_fp64 cl_khr_global_int32_base_atomics cl_khr_global_int32_extended_atomics cl_khr_local_int32_base_atomics cl_khr_local_int32_extended_atomics cl_khr_byte_addressable_store cl_khr_gl_sharing cl_ext_device_fission cl_amd_device_attribute_query cl_amd_media_ops cl_amd_popcnt cl_amd_printf cl_khr_d3d10_sharing
